LAYER
    NAME "globalcoastpilotsites"
    TYPE POINT
    STATUS ON
    SIZEUNITS PIXELS
    CONNECTIONTYPE OGR
    
    TOLERANCE 10
    TOLERANCEUNITS PIXELS
    
    CONNECTION "GEOJSON:/vsicurl/https://protocoast.cmcc.it/globalcoast-pilot-sites/data/pilot_sites.json"
    DATA "pilot_sites"
    
    PROJECTION
      "EPSG:4326"
    END
    TEMPLATE "blank.html"
    METADATA
      "wms_title" "GlobalCoast Pilot Sites"
      "wms_abstract" "This map provides an overview of more than 130 Pilot Site locations that are part of the GlobalCoast framework, for implementation of the CoastPredict programme. This network aims to be an international community, bringing together researchers, governments, BGOs, the private sector and coastal communities to co-design solutions for resilience. Some of the outcomes of this network include the deployment and testing of fit-for-purpose coastal observing and prediction systems at Pilot Sites, delivering user-driven innovative products and services for coastal resilience in collaboration with local stakeholders."
      "wms_extent" "-180 -90 180 90"
      "wms_include_items" "all"
      "gml_include_items" "all"
      "wms_metadata_href" "https://protocoast.cmcc.it/globalcoast-pilot-sites/"
      "wms_metadata_type" "text/html"
      "wms_metadataurl_1_type"   "TC211"
      "wms_authority" "Centro Euro-Mediterraneo sui Cambiamenti Climatici (CMCC), Lecce, Italy"
      "wms_authorityurl_name" "Centro Euro-Mediterraneo sui Cambiamenti Climatici (CMCC), Lecce, Italy"
      "wms_authorityurl_href" "https://www.cmcc.it"
      "wms_dataurl_href"   "https://protocoast.cmcc.it/globalcoast-pilot-sites/data/pilot_sites.json"
      "wms_dataurl_format" "application/json"
    END

    CLASS
      NAME "Northwest Atlantic Continental Shelf - pilot site"
      EXPRESSION ([region_code] == 1 AND "[status]" == "ok" OR "[status]" == "under_review")
      STYLE
        SYMBOL "circle"
        SIZE 10
        COLOR 39 123 165
        OUTLINECOLOR 39 123 165
        WIDTH 2
      END
    END
    
    CLASS
      NAME "Southwestern United States and the Gulf of Mexico - pilot site"
      EXPRESSION ([region_code] == 2 AND "[status]" == "ok" OR "[status]" == "under_review")
      STYLE
        SYMBOL "circle"
        SIZE 10
        COLOR 218 47 110
        OUTLINECOLOR 218 47 110
        WIDTH 2
      END
    END
    
    CLASS
      NAME "Intra-Americas Sea - pilot site"
      EXPRESSION ([region_code] == 3 AND "[status]" == "ok" OR "[status]" == "under_review")
      STYLE
        SYMBOL "circle"
        SIZE 10
        COLOR 36 182 22
        OUTLINECOLOR 36 182 22
        WIDTH 2
      END
    END
    
    CLASS
      NAME "Western Atlantic Continental Shelf between 4ºN and 34ºS - pilot site"
      EXPRESSION ([region_code] == 4 AND "[status]" == "ok" OR "[status]" == "under_review")
      STYLE
        SYMBOL "circle"
        SIZE 10
        COLOR 90 57 208
        OUTLINECOLOR 90 57 208
        WIDTH 2
      END
    END
    
    CLASS
      NAME "Western South Atlantic Continental (33⁰ To 55⁰S) - pilot site"
      EXPRESSION ([region_code] == 5 AND "[status]" == "ok" OR "[status]" == "under_review")
      STYLE
        SYMBOL "circle"
        SIZE 10
        COLOR 173 102 31
        OUTLINECOLOR 173 102 31
        WIDTH 2
      END
    END
    
    CLASS
      NAME "Western South America - pilot site"
      EXPRESSION ([region_code] == 6 AND "[status]" == "ok" OR "[status]" == "under_review")
      STYLE
        SYMBOL "circle"
        SIZE 10
        COLOR 37 228 190
        OUTLINECOLOR 37 228 190
        WIDTH 2
      END
    END
   
    CLASS
      NAME "Eastern Tropical North Pacific To The Gulf Of California - pilot site"
      EXPRESSION ([region_code] == 7 AND "[status]" == "ok" OR "[status]" == "under_review")
      STYLE
        SYMBOL "circle"
        SIZE 10
        COLOR 165 39 155
        OUTLINECOLOR 165 39 155
        WIDTH 2
      END
    END
    
    CLASS
      NAME "Western North American Continental Margins: Vancouver Island To The Tip Of Baja California - pilot site"
      EXPRESSION ([region_code] == 8 AND "[status]" == "ok" OR "[status]" == "under_review")
      STYLE
        SYMBOL "circle"
        SIZE 10
        COLOR 153 218 47
        OUTLINECOLOR 153 218 47
        WIDTH 2
      END
    END
    
    CLASS
      NAME "The China Seas: The Bohai Sea, Yellow Sea, East China Sea And South China Sea - pilot site"
      EXPRESSION ([region_code] == 12 AND "[status]" == "ok" OR "[status]" == "under_review")
      STYLE
        SYMBOL "circle"
        SIZE 10
        COLOR 22 75 182
        OUTLINECOLOR 22 75 182
        WIDTH 2
      END
    END
    
    CLASS
      NAME "Outer Southeast Asia Seas - pilot site"
      EXPRESSION ([region_code] == 13 AND "[status]" == "ok" OR "[status]" == "under_review")
      STYLE
        SYMBOL "circle"
        SIZE 10
        COLOR 203 56 61
        OUTLINECOLOR 203 56 61
        WIDTH 2
      END
    END
    
    CLASS
      NAME "The North Indian Ocean - pilot site"
      EXPRESSION ([region_code] == 14 AND "[status]" == "ok" OR "[status]" == "under_review")
      STYLE
        SYMBOL "circle"
        SIZE 10
        COLOR 31 173 66
        OUTLINECOLOR 31 173 66
        WIDTH 2
      END
    END
    
    CLASS
      NAME "The Coastal Oceans Of South-Eastern Africa - pilot site"
      EXPRESSION ([region_code] == 15 AND "[status]" == "ok" OR "[status]" == "under_review")
      STYLE
        SYMBOL "circle"
        SIZE 10
        COLOR 142 37 228
        OUTLINECOLOR 142 37 228
        WIDTH 2
      END
    END
    
    CLASS
      NAME "The Benguela Current System - pilot site"
      EXPRESSION ([region_code] == 16 AND "[status]" == "ok" OR "[status]" == "under_review")
      STYLE
        SYMBOL "circle"
        SIZE 10
        COLOR 165 144 39
        OUTLINECOLOR 165 144 39
        WIDTH 2
      END
    END
    
    CLASS
      NAME "The Gulf Of Guinea - pilot site"
      EXPRESSION ([region_code] == 17 AND "[status]" == "ok" OR "[status]" == "under_review")
      STYLE
        SYMBOL "circle"
        SIZE 10
        COLOR 47 195 218
        OUTLINECOLOR 47 195 218
        WIDTH 2
      END
    END
    
    CLASS
      NAME "The Celtic Seas - pilot site"
      EXPRESSION ([region_code] == 19 AND "[status]" == "ok" OR "[status]" == "under_review")
      STYLE
        SYMBOL "circle"
        SIZE 10
        COLOR 182 22 15
        OUTLINECOLOR 182 22 15
        WIDTH 2
      END
    END
   
    CLASS
      NAME "The Baltic And North Seas - pilot site"
      EXPRESSION ([region_code] == 20 AND "[status]" == "ok" OR "[status]" == "under_review")
      STYLE
        SYMBOL "circle"
        SIZE 10
        COLOR 100 208 57
        OUTLINECOLOR 100 208 57
        WIDTH 2
      END
    END
    
    CLASS
      NAME "Iceland, Faroe And Norwegian Coasts - pilot site"
      EXPRESSION ([region_code] == 21 AND "[status]" == "ok" OR "[status]" == "under_review")
      STYLE
        SYMBOL "circle"
        SIZE 10
        COLOR 31 31 173
        OUTLINECOLOR 31 31 173
        WIDTH 2
      END
    END
    
    CLASS
      NAME "The Bering Sea Shelf - pilot site"
      EXPRESSION ([region_code] == 24 AND "[status]" == "ok" OR "[status]" == "under_review")
      STYLE
        SYMBOL "circle"
        SIZE 10
        COLOR 228 94 37
        OUTLINECOLOR 228 94 37
        WIDTH 2
      END
    END
   
    CLASS
      NAME "Labrador Sea - Baffin Bay - pilot site"
      EXPRESSION ([region_code] == 25 AND "[status]" == "ok" OR "[status]" == "under_review")
      STYLE
        SYMBOL "circle"
        SIZE 10
        COLOR 39 165 113
        OUTLINECOLOR 39 165 113
        WIDTH 2
      END
    END
    
    CLASS
      NAME "Shelf Areas In The Mediterranean Sea - pilot site"
      EXPRESSION ([region_code] == 27 AND "[status]" == "ok" OR "[status]" == "under_review")
      STYLE
        SYMBOL "circle"
        SIZE 10
        COLOR 198 47 218
        OUTLINECOLOR 198 47 218
        WIDTH 2
      END
    END
    
    CLASS
      NAME "The Black Sea - pilot site"
      EXPRESSION ([region_code] == 28 AND "[status]" == "ok" OR "[status]" == "under_review")
      STYLE
        SYMBOL "circle"
        SIZE 10
        COLOR 155 182 22
        OUTLINECOLOR 155 182 22
        WIDTH 2
      END
    END
    
    CLASS
      NAME "Seas Of The Arabian Region - pilot site"
      EXPRESSION ([region_code] == 29 AND "[status]" == "ok" OR "[status]" == "under_review")
      STYLE
        SYMBOL "circle"
        SIZE 10
        COLOR 57 138 208
        OUTLINECOLOR 57 138 208
        WIDTH 2
      END
    END
    
    CLASS
      NAME "Australia’S Shelf Seas - pilot site"
      EXPRESSION ([region_code] == 30 AND "[status]" == "ok" OR "[status]" == "under_review")
      STYLE
        SYMBOL "circle"
        SIZE 10
        COLOR 174 31 66
        OUTLINECOLOR 174 31 66
        WIDTH 2
      END
    END
    
    CLASS
      NAME "New Zealand Shelf Region - pilot site"
      EXPRESSION ([region_code] == 31 AND "[status]" == "ok" OR "[status]" == "under_review")
      STYLE
        SYMBOL "circle"
        SIZE 10
        COLOR 37 228 47
        OUTLINECOLOR 37 228 47
        WIDTH 2
      END
    END
    
    CLASS
      NAME "East Antarctica (0° To 150°E) - pilot site"
      EXPRESSION ([region_code] == 32 AND "[status]" == "ok" OR "[status]" == "under_review")
      STYLE
        SYMBOL "circle"
        SIZE 10
        COLOR 81 39 165
        OUTLINECOLOR 81 39 165
        WIDTH 2
      END
    END
    
    CLASS
      NAME "Melanesia & Micronesia - pilot site"
      EXPRESSION ([region_code] == 33 AND "[status]" == "ok" OR "[status]" == "under_review")
      STYLE
        SYMBOL "circle"
        SIZE 10
        COLOR 218 155 47
        OUTLINECOLOR 218 155 47
        WIDTH 2
      END
    END
  END